2026-05-09 17:18:26,367 - INFO - Starting scraper for https://khamsat.com/community/requests
2026-05-09 17:18:26,684 - INFO - Navigating to https://khamsat.com/community/requests...
2026-05-09 17:18:39,968 - INFO - Found 25 request links to process.
2026-05-09 17:18:39,968 - INFO - Processing: https://khamsat.com/community/requests/787038-%D9%85%D8%AD%D8%AA%D8%A7%D8%AC-%D8%AF%D8%A7%D8%AA%D8%A7-%D8%A7%D9%86%D8%AA%D8%B1%D9%8A-%D9%8A%D8%AF%D8%AE%D9%84-%D8%A7%D9%84%D8%A8%D9%8A%D8%A7%D9%86%D8%A7%D8%AA-%D8%B9%D9%84%D9%89-%D8%A7%D9%83%D8%B3%D9%84
2026-05-09 17:18:42,123 - ERROR - Error parsing request page https://khamsat.com/community/requests/787038-%D9%85%D8%AD%D8%AA%D8%A7%D8%AC-%D8%AF%D8%A7%D8%AA%D8%A7-%D8%A7%D9%86%D8%AA%D8%B1%D9%8A-%D9%8A%D8%AF%D8%AE%D9%84-%D8%A7%D9%84%D8%A8%D9%8A%D8%A7%D9%86%D8%A7%D8%AA-%D8%B9%D9%84%D9%89-%D8%A7%D9%83%D8%B3%D9%84: Execution context was destroyed, most likely because of a navigation
2026-05-09 17:18:42,124 - INFO - Successfully parsed: Error
2026-05-09 17:18:42,124 - INFO - Processing: https://khamsat.com/community/requests/788034-%D8%A7%D8%AD%D8%AA%D8%A7%D8%AC-%D8%B4%D8%AE%D8%B5-%D9%8A%D9%83%D8%AA%D8%A8-%D8%AA%D9%85%D8%A7%D8%B1%D9%8A%D9%86-%D8%A8%D8%AE%D8%B7-%D8%A7%D9%84%D9%8A%D8%AF-%D8%A8%D8%B4%D9%83%D9%84-%D9%88%D8%A7%D8%B6%D8%AD-%D9%88%D9%85%D8%B1%D8%AA%D8%A8
2026-05-09 17:18:43,875 - INFO - Successfully parsed: احتاج شخص يكتب تمارين بخط اليد بشكل واضح ومرتب
2026-05-09 17:18:43,875 - INFO - Processing: https://khamsat.com/community/requests/788161-%D8%AE%D8%A8%D9%8A%D8%B1-%D9%81%D9%8A-system-analysis-design
2026-05-09 17:18:45,301 - INFO - Successfully parsed: خبير في System Analysis & Design
2026-05-09 17:18:45,301 - INFO - Processing: https://khamsat.com/community/requests/788164-%D9%85%D8%B7%D9%84%D9%88%D8%A8-%D9%85%D8%B5%D9%85%D9%85%D8%A9-%D8%B4%D8%B9%D8%A7%D8%B1-logo-%D9%88-%D9%87%D9%88%D9%8A%D8%A9-%D8%A8%D8%B5%D8%B1%D9%8A%D8%A9-brand-ident
2026-05-09 17:18:46,745 - INFO - Successfully parsed: مطلوب مصمم/ة شعار (Logo) و هوية بصرية (Brand Ident
2026-05-09 17:18:46,745 - INFO - Processing: https://khamsat.com/community/requests/788129-%D8%AA%D8%B9%D9%84%D9%8A%D9%82-%D8%B5%D9%88%D8%AA%D9%8A
2026-05-09 17:18:48,164 - INFO - Successfully parsed: تعليق صوتي
2026-05-09 17:18:48,164 - INFO - Processing: https://khamsat.com/community/requests/788155-%D9%85%D8%B7%D9%84%D9%88%D8%A8-%D9%85%D8%A8%D8%B1%D9%85%D8%AC-%D8%B3%D8%AD%D8%A8-%D8%AF%D8%A7%D8%AA%D8%A7-%D9%8A%D8%B9%D8%B1%D9%81-%D9%8A%D8%AA%D8%B9%D8%A7%D9%85%D9%84-%D9%81%D9%8A%D8%B3-%D8%A8%D9%88%D9%83-%D9%88%D8%A7%D9%84%D8%A7%D9%86%D8%B3%D8%AA%D8%A7
2026-05-09 17:18:49,633 - INFO - Successfully parsed: مطلوب مبرمج سحب داتا يعرف يتعامل فيس بوك والانستا
2026-05-09 17:18:49,633 - INFO - Processing: https://khamsat.com/community/requests/788158-%D8%A5%D8%B1%D8%B3%D8%A7%D9%84-%D8%A8%D8%B1%D9%88%D8%B4%D9%88%D8%B1-%D8%B9%D9%84%D9%89-%D9%85%D8%AC%D9%85%D9%88%D8%B9%D8%A9-%D9%85%D9%86-%D8%A7%D9%84%D8%A5%D9%8A%D9%85%D9%8A%D9%84%D8%A7%D8%AA
2026-05-09 17:18:51,208 - INFO - Successfully parsed: إرسال بروشور على مجموعة من الإيميلات
2026-05-09 17:18:51,208 - INFO - Processing: https://khamsat.com/community/requests/788141-%D8%A7%D9%84%D8%B3%D9%84%D8%A7%D9%85-%D8%B9%D9%84%D9%8A%D9%83%D9%85-%D9%83%D9%8A%D9%81-%D8%AD%D8%A7%D9%84
2026-05-09 17:18:52,892 - INFO - Successfully parsed: السلام عليكم كيف حال
2026-05-09 17:18:52,892 - INFO - Processing: https://khamsat.com/community/requests/787803-%D9%85%D8%B9%D9%84%D9%85%D8%A9-%D8%A7%D9%84%D9%82%D8%B1%D8%A2%D9%86-%D9%84%D9%84%D9%86%D8%B3%D8%A7%D8%A1-%D9%81%D9%82%D8%B7
2026-05-09 17:18:54,653 - INFO - Successfully parsed: معلمة القرآن للنساء فقط
2026-05-09 17:18:54,653 - INFO - Processing: https://khamsat.com/community/requests/787989-%D9%85%D8%AD%D8%AA%D8%A7%D8%AC-%D8%A7%D8%B9%D9%85%D9%84-%D9%85%D9%86%D8%AA%D8%AC-%D8%B1%D9%82%D9%85%D9%8A-%D9%85%D8%B9-%D8%A7%D9%84%D8%AA%D8%B5%D9%85%D9%8A%D9%85-%D8%A8%D8%B7%D8%B1%D9%8A%D9%82%D8%A9-%D8%A7%D8%AD%D8%AA%D8%B1%D8%A7%D9%81%D9%8A%D8%A9
2026-05-09 17:18:56,884 - INFO - Successfully parsed: محتاج اعمل منتج رقمي مع التصميم بطريقة احترافية
2026-05-09 17:18:56,884 - INFO - Processing: https://khamsat.com/community/requests/787905-%D9%85%D8%B7%D9%84%D9%88%D8%A8-%D9%85%D8%AE%D8%AA%D8%B5-%D8%A5%D8%B9%D9%84%D8%A7%D9%86%D8%A7%D8%AA-%D9%88%D8%AA%D8%B3%D9%88%D9%8A%D9%82-%D8%B1%D9%82%D9%85%D9%8A-%D8%AA%D8%AE%D8%B5%D8%B5-%D8%A7%D9%84%D8%B3%D8%A7%D8%B9%D8%A7%D8%AA
2026-05-09 17:18:58,720 - INFO - Successfully parsed: مطلوب مختص إعلانات وتسويق رقمي – تخصص الساعات
2026-05-09 17:18:58,720 - INFO - Processing: https://khamsat.com/community/requests/788166-%D8%B9%D9%85%D9%84-%D8%B3%D9%8A%D8%B1%D9%87-%D8%B0%D8%A7%D8%AA%D9%8A%D9%87-%D9%85%D8%AA%D9%88%D8%A7%D9%81%D9%82%D8%A9-%D9%85%D8%B9-%D9%86%D8%B8%D8%A7%D9%85-ats
2026-05-09 17:19:00,330 - INFO - Successfully parsed: عمل سيره ذاتيه متوافقة مع نظام ATS
2026-05-09 17:19:00,330 - INFO - Processing: https://khamsat.com/community/requests/788153-%D8%A7%D8%AF%D8%AE%D8%A7%D9%84-%D8%A7%D8%B9%D9%84%D8%A7%D9%86%D8%A7%D8%AA-%D8%B3%D9%8A%D8%A7%D8%B1%D8%A7%D8%AA-%D9%84%D9%85%D9%88%D9%82%D8%B9-%D8%B3%D9%8A%D8%A7%D8%B1%D8%AA-%D8%AC%D8%AF%D9%8A%D8%AF
2026-05-09 17:19:02,015 - INFO - Successfully parsed: ادخال اعلانات سيارات لموقع سيارت جديد
2026-05-09 17:19:02,015 - INFO - Processing: https://khamsat.com/community/requests/788048-%D8%B9%D9%85%D9%84-%D8%AF%D8%A7%D8%A6%D9%85-%D8%AD%D8%B3%D8%A7%D8%A8%D8%A7%D8%AA-%D8%B3%D9%88%D8%B4%D8%A7%D9%84-%D9%85%D9%8A%D8%AF%D9%8A%D8%A7-%D9%88%D8%AA%D8%B5%D9%85%D9%8A%D9%85
2026-05-09 17:19:03,578 - INFO - Successfully parsed: عمل دائم حسابات سوشال ميديا وتصميم
2026-05-09 17:19:03,578 - INFO - Processing: https://khamsat.com/community/requests/788160-%D8%AA%D9%86%D8%B8%D9%8A%D9%81-%D9%88%D8%AA%D8%AD%D9%84%D9%8A%D9%84-%D8%A8%D9%8A%D8%A7%D9%86%D8%A7%D8%AA-%D8%A7%D9%84%D9%85%D9%88%D8%B8%D9%81%D9%8A%D9%86-%D9%88%D8%A5%D9%86%D8%B4%D8%A7%D8%A1-dashboard
2026-05-09 17:19:05,277 - INFO - Successfully parsed: تنظيف وتحليل بيانات الموظفين وإنشاء Dashboard
2026-05-09 17:19:05,277 - INFO - Processing: https://khamsat.com/community/requests/788121-%D8%A7%D8%AD%D8%AA%D8%A7%D8%AC-%D9%85%D8%B5%D9%85%D9%85-%D8%AC%D8%B1%D8%A7%D9%81%D9%8A%D9%83-%D9%88%D8%B3%D8%B9%D8%B1%D9%87-%D9%85%D9%86%D8%A7%D8%B3%D8%A8
2026-05-09 17:19:07,173 - INFO - Successfully parsed: احتاج مصمم جرافيك وسعره مناسب
2026-05-09 17:19:07,173 - INFO - Processing: https://khamsat.com/community/requests/787275-%D8%A7%D8%AF%D8%AE%D8%A7%D9%84-%D8%A8%D9%8A%D8%A7%D9%86%D8%A7%D8%AA
2026-05-09 17:19:09,398 - INFO - Successfully parsed: ادخال بيانات
2026-05-09 17:19:09,398 - INFO - Processing: https://khamsat.com/community/requests/788159-%D8%A8%D9%88%D8%AA-%D8%AA%D9%84%D9%8A%D8%AC%D8%B1%D8%A7%D9%85-%D8%A7%D8%AD%D8%AA%D8%B1%D8%A7%D9%81%D9%8A
2026-05-09 17:19:11,007 - INFO - Successfully parsed: بوت تليجرام احترافي
2026-05-09 17:19:11,007 - INFO - Processing: https://khamsat.com/community/requests/788065-%D8%A7%D8%B1%D9%8A%D8%AF-%D9%85%D8%AE%D8%AA%D8%B5-%D8%A7%D9%83%D8%B3%D9%8A%D9%84-forcasting%D9%84%D9%84%D8%AA%D8%B9%D8%A7%D9%85%D9%84-%D9%85%D8%B9-data
2026-05-09 17:19:12,778 - INFO - Successfully parsed: اريد مختص اكسيل FORCASTINGللتعامل مع data
2026-05-09 17:19:12,778 - INFO - Processing: https://khamsat.com/community/requests/788077-%D9%86%D9%85%D9%88%D8%B0%D8%AC-word-pdf
2026-05-09 17:19:14,700 - INFO - Successfully parsed: نموذج Word / PDF
2026-05-09 17:19:14,700 - INFO - Processing: https://khamsat.com/community/requests/788043-50-%D8%B5%D9%88%D8%B1%D9%87-%D8%A8%D8%A7%D9%84%D8%B0%D9%83%D8%A7%D8%A1-%D8%A7%D9%84%D8%A7%D8%B5%D8%B7%D9%86%D8%A7%D8%B9%D9%8A-ai-%D9%85%D8%AD%D8%AA%D8%B1%D9%81
2026-05-09 17:19:19,643 - INFO - Successfully parsed: 50 صوره بالذكاء الاصطناعي ai ( محترف )
2026-05-09 17:19:19,643 - INFO - Processing: https://khamsat.com/community/requests/787962-%D8%A3%D8%A8%D8%AD%D8%AB-%D8%B9%D9%86-%D9%85%D8%B5%D9%85%D9%85%D8%B1%D8%B3%D8%A7%D9%85-%D9%85%D8%AA%D8%AE%D8%B5%D8%B5-%D9%81%D9%8A-%D8%AA%D8%B5%D9%85%D9%8A%D9%85-%D9%83%D8%AA%D8%A8-%D9%86%D8%B4%D8%A7%D8%B7%D8%A7%D8%AA-%D9%88%D8%AA%D9%84%D9%88%D9%8A%D9%86
2026-05-09 17:19:21,368 - INFO - Successfully parsed: أبحث عن مصمم/رسام متخصص في تصميم كتب نشاطات وتلوين
2026-05-09 17:19:21,368 - INFO - Processing: https://khamsat.com/community/requests/788163-%D8%AE%D8%AF%D9%85%D8%A9-%D8%B9%D9%85%D9%84%D8%A7%D8%A1-%D9%84%D8%BA%D8%A7%D8%AA-%D8%B1%D9%88%D8%B3%D9%8A-%D8%A7%D8%B3%D8%A8%D8%A7%D9%86%D9%8A-%D8%A7%D9%84%D9%85%D8%A7%D9%86%D9%8A
2026-05-09 17:19:22,938 - INFO - Successfully parsed: خدمة عملاء لغات روسي اسباني الماني
2026-05-09 17:19:22,938 - INFO - Processing: https://khamsat.com/community/requests/788027-%D8%AA%D8%B5%D9%85%D9%8A%D9%85-powerpoint-%D8%A7%D8%AD%D8%AA%D8%B1%D8%A7%D9%81%D9%8A-%D8%B9%D9%86-%D8%A7%D9%84%D8%A3%D8%AF%D8%A8-%D9%81%D9%8A-%D8%A7%D9%84%D8%B9%D8%B5%D8%B1-%D8%A7%D9%84%D8%B1%D9%82%D9%85%D9%8A
2026-05-09 17:19:24,507 - INFO - Successfully parsed: تصميم PowerPoint احترافي عن الأدب في العصر الرقمي
2026-05-09 17:19:24,507 - INFO - Processing: https://khamsat.com/community/requests/788150-%D8%A7%D9%86%D8%B4%D8%A7%D8%A1-%D9%85%D8%AA%D8%AC%D8%B1-%D8%B9%D9%84%D9%89-%D8%B3%D9%84%D9%87
2026-05-09 17:19:25,979 - INFO - Successfully parsed: انشاء متجر على سله
2026-05-09 17:19:25,980 - INFO - Successfully saved 2 new requests to D:\Khamsat_Projict\data\requests.json.
2026-05-09 17:19:26,009 - INFO - Scraper finished.
2026-05-09 17:38:03,872 - INFO - Starting scraper for https://khamsat.com/community/requests
2026-05-09 17:38:04,194 - INFO - Navigating to https://khamsat.com/community/requests...
2026-05-09 17:38:27,872 - INFO - Found 25 request links to process.
2026-05-09 17:38:27,872 - INFO - Processing: https://khamsat.com/community/requests/788158-%D8%A5%D8%B1%D8%B3%D8%A7%D9%84-%D8%A8%D8%B1%D9%88%D8%B4%D9%88%D8%B1-%D8%B9%D9%84%D9%89-%D9%85%D8%AC%D9%85%D9%88%D8%B9%D8%A9-%D9%85%D9%86-%D8%A7%D9%84%D8%A5%D9%8A%D9%85%D9%8A%D9%84%D8%A7%D8%AA
2026-05-09 17:38:29,414 - INFO - Successfully parsed: إرسال بروشور على مجموعة من الإيميلات | Comments: 49
2026-05-09 17:38:29,414 - INFO - Processing: https://khamsat.com/community/requests/787275-%D8%A7%D8%AF%D8%AE%D8%A7%D9%84-%D8%A8%D9%8A%D8%A7%D9%86%D8%A7%D8%AA
2026-05-09 17:38:31,646 - INFO - Skipping old request: ادخال بيانات (منذ 8 أيام)
2026-05-09 17:38:31,647 - INFO - Processing: https://khamsat.com/community/requests/787989-%D9%85%D8%AD%D8%AA%D8%A7%D8%AC-%D8%A7%D8%B9%D9%85%D9%84-%D9%85%D9%86%D8%AA%D8%AC-%D8%B1%D9%82%D9%85%D9%8A-%D9%85%D8%B9-%D8%A7%D9%84%D8%AA%D8%B5%D9%85%D9%8A%D9%85-%D8%A8%D8%B7%D8%B1%D9%8A%D9%82%D8%A9-%D8%A7%D8%AD%D8%AA%D8%B1%D8%A7%D9%81%D9%8A%D8%A9
2026-05-09 17:38:33,532 - INFO - Successfully parsed: محتاج اعمل منتج رقمي مع التصميم بطريقة احترافية | Comments: 51
2026-05-09 17:38:33,532 - INFO - Processing: https://khamsat.com/community/requests/788077-%D9%86%D9%85%D9%88%D8%B0%D8%AC-word-pdf
2026-05-09 17:38:35,560 - INFO - Successfully parsed: نموذج Word / PDF | Comments: 193
2026-05-09 17:38:35,560 - INFO - Processing: https://khamsat.com/community/requests/788129-%D8%AA%D8%B9%D9%84%D9%8A%D9%82-%D8%B5%D9%88%D8%AA%D9%8A
2026-05-09 17:38:37,296 - INFO - Successfully parsed: تعليق صوتي | Comments: 33
2026-05-09 17:38:37,296 - INFO - Processing: https://khamsat.com/community/requests/787939-%D8%B5%D9%81%D8%AD%D8%AA%D9%8A%D9%86-%D9%87%D8%A8%D9%88%D8%B7
2026-05-09 17:38:39,442 - INFO - Successfully parsed: صفحتين هبوط | Comments: 273
2026-05-09 17:38:39,442 - INFO - Processing: https://khamsat.com/community/requests/788048-%D8%B9%D9%85%D9%84-%D8%AF%D8%A7%D8%A6%D9%85-%D8%AD%D8%B3%D8%A7%D8%A8%D8%A7%D8%AA-%D8%B3%D9%88%D8%B4%D8%A7%D9%84-%D9%85%D9%8A%D8%AF%D9%8A%D8%A7-%D9%88%D8%AA%D8%B5%D9%85%D9%8A%D9%85
2026-05-09 17:38:41,077 - INFO - Successfully parsed: عمل دائم حسابات سوشال ميديا وتصميم | Comments: 43
2026-05-09 17:38:41,077 - INFO - Processing: https://khamsat.com/community/requests/788101-%D8%A8%D8%B1%D9%85%D8%AC%D8%A9-%D9%88%D8%AA%D8%B5%D9%85%D9%8A%D9%85-%D9%85%D9%88%D9%82%D8%B9-%D8%A7%D9%84%D9%83%D8%AA%D8%B1%D9%88%D9%86%D9%8A
2026-05-09 17:38:42,914 - INFO - Successfully parsed: برمجة وتصميم موقع الكتروني | Comments: 119
2026-05-09 17:38:42,915 - INFO - Processing: https://khamsat.com/community/requests/788169-%D9%85%D8%B7%D9%88%D8%B1-%D9%88%D9%85%D8%A8%D8%B1%D9%85%D8%AC-%D9%81%D9%84%D8%A7%D8%AA%D8%B1-%D9%85%D8%AD%D8%AA%D8%B1%D9%81
2026-05-09 17:38:44,435 - INFO - Successfully parsed: مطور ومبرمج فلاتر محترف | Comments: 3
2026-05-09 17:38:44,435 - INFO - Processing: https://khamsat.com/community/requests/787803-%D9%85%D8%B9%D9%84%D9%85%D8%A9-%D8%A7%D9%84%D9%82%D8%B1%D8%A2%D9%86-%D9%84%D9%84%D9%86%D8%B3%D8%A7%D8%A1-%D9%81%D9%82%D8%B7
2026-05-09 17:38:46,161 - INFO - Skipping old request: معلمة القرآن للنساء فقط (منذ 3 أيام)
2026-05-09 17:38:46,161 - INFO - Processing: https://khamsat.com/community/requests/788167-%D8%B4%D8%B1%D8%AD-%D9%84%D9%85%D8%A7%D8%AF%D8%A9-%D8%A7%D9%84%D8%AA%D8%B5%D9%85%D9%8A%D9%85-%D8%A7%D9%84%D8%B1%D9%82%D9%85%D9%8A-%D8%B1%D9%85%D8%B2-%D8%A7%D9%84%D9%85%D8%A7%D8%AF%D8%A9-ee211
2026-05-09 17:38:47,737 - INFO - Successfully parsed: شرح لمادة التصميم الرقمي رمز المادة EE211 | Comments: 13
2026-05-09 17:38:47,737 - INFO - Processing: https://khamsat.com/community/requests/788160-%D8%AA%D9%86%D8%B8%D9%8A%D9%81-%D9%88%D8%AA%D8%AD%D9%84%D9%8A%D9%84-%D8%A8%D9%8A%D8%A7%D9%86%D8%A7%D8%AA-%D8%A7%D9%84%D9%85%D9%88%D8%B8%D9%81%D9%8A%D9%86-%D9%88%D8%A5%D9%86%D8%B4%D8%A7%D8%A1-dashboard
2026-05-09 17:38:49,528 - INFO - Successfully parsed: تنظيف وتحليل بيانات الموظفين وإنشاء Dashboard | Comments: 99
2026-05-09 17:38:49,528 - INFO - Processing: https://khamsat.com/community/requests/788121-%D8%A7%D8%AD%D8%AA%D8%A7%D8%AC-%D9%85%D8%B5%D9%85%D9%85-%D8%AC%D8%B1%D8%A7%D9%81%D9%8A%D9%83-%D9%88%D8%B3%D8%B9%D8%B1%D9%87-%D9%85%D9%86%D8%A7%D8%B3%D8%A8
2026-05-09 17:38:51,424 - INFO - Successfully parsed: احتاج مصمم جرافيك وسعره مناسب | Comments: 189
2026-05-09 17:38:51,424 - INFO - Processing: https://khamsat.com/community/requests/788166-%D8%B9%D9%85%D9%84-%D8%B3%D9%8A%D8%B1%D9%87-%D8%B0%D8%A7%D8%AA%D9%8A%D9%87-%D9%85%D8%AA%D9%88%D8%A7%D9%81%D9%82%D8%A9-%D9%85%D8%B9-%D9%86%D8%B8%D8%A7%D9%85-ats
2026-05-09 17:38:53,117 - INFO - Successfully parsed: عمل سيره ذاتيه متوافقة مع نظام ATS | Comments: 85
2026-05-09 17:38:53,117 - INFO - Processing: https://khamsat.com/community/requests/788168-%D9%85%D8%B7%D9%84%D9%88%D8%A8-%D8%AA%D8%AD%D9%88%D9%8A%D9%84-%D8%AA%D8%B5%D9%85%D9%8A%D9%85-%D9%81%D8%B1%D9%88%D9%86%D8%AA-%D8%A7%D9%8A%D9%86%D8%AF-%D8%A7%D9%84%D9%89-laravel
2026-05-09 17:38:54,771 - INFO - Successfully parsed: مطلوب تحويل تصميم فرونت ايند الى laravel | Comments: 11
2026-05-09 17:38:54,771 - INFO - Processing: https://khamsat.com/community/requests/788043-50-%D8%B5%D9%88%D8%B1%D9%87-%D8%A8%D8%A7%D9%84%D8%B0%D9%83%D8%A7%D8%A1-%D8%A7%D9%84%D8%A7%D8%B5%D8%B7%D9%86%D8%A7%D8%B9%D9%8A-ai-%D9%85%D8%AD%D8%AA%D8%B1%D9%81
2026-05-09 17:38:56,687 - INFO - Successfully parsed: 50 صوره بالذكاء الاصطناعي ai ( محترف ) | Comments: 186
2026-05-09 17:38:56,687 - INFO - Processing: https://khamsat.com/community/requests/786952-%D8%AA%D8%AD%D9%88%D8%A8%D9%84-%D8%B5%D9%81%D8%AD%D8%A9-%D9%88%D8%B1%D9%82%D9%8A%D8%A9-%D8%A7%D9%84%D9%89-%D9%85%D9%84%D9%81-word
2026-05-09 17:39:03,170 - INFO - Skipping old request: تحوبل صفحة ورقية الى ملف word (منذ 12 يوم)
2026-05-09 17:39:03,170 - INFO - Processing: https://khamsat.com/community/requests/788153-%D8%A7%D8%AF%D8%AE%D8%A7%D9%84-%D8%A7%D8%B9%D9%84%D8%A7%D9%86%D8%A7%D8%AA-%D8%B3%D9%8A%D8%A7%D8%B1%D8%A7%D8%AA-%D9%84%D9%85%D9%88%D9%82%D8%B9-%D8%B3%D9%8A%D8%A7%D8%B1%D8%AA-%D8%AC%D8%AF%D9%8A%D8%AF
2026-05-09 17:39:04,755 - INFO - Successfully parsed: ادخال اعلانات سيارات لموقع سيارت جديد | Comments: 47
2026-05-09 17:39:04,755 - INFO - Processing: https://khamsat.com/community/requests/788163-%D8%AE%D8%AF%D9%85%D8%A9-%D8%B9%D9%85%D9%84%D8%A7%D8%A1-%D9%84%D8%BA%D8%A7%D8%AA-%D8%B1%D9%88%D8%B3%D9%8A-%D8%A7%D8%B3%D8%A8%D8%A7%D9%86%D9%8A-%D8%A7%D9%84%D9%85%D8%A7%D9%86%D9%8A
2026-05-09 17:39:06,329 - INFO - Successfully parsed: خدمة عملاء لغات روسي اسباني الماني | Comments: 7
2026-05-09 17:39:06,329 - INFO - Processing: https://khamsat.com/community/requests/788141-%D8%A7%D9%84%D8%B3%D9%84%D8%A7%D9%85-%D8%B9%D9%84%D9%8A%D9%83%D9%85-%D9%83%D9%8A%D9%81-%D8%AD%D8%A7%D9%84
2026-05-09 17:39:08,198 - INFO - Successfully parsed: السلام عليكم كيف حال | Comments: 175
2026-05-09 17:39:08,198 - INFO - Processing: https://khamsat.com/community/requests/788164-%D9%85%D8%B7%D9%84%D9%88%D8%A8-%D9%85%D8%B5%D9%85%D9%85%D8%A9-%D8%B4%D8%B9%D8%A7%D8%B1-logo-%D9%88-%D9%87%D9%88%D9%8A%D8%A9-%D8%A8%D8%B5%D8%B1%D9%8A%D8%A9-brand-ident
2026-05-09 17:39:09,756 - INFO - Successfully parsed: مطلوب مصمم/ة شعار (Logo) و هوية بصرية (Brand Ident | Comments: 43
2026-05-09 17:39:09,756 - INFO - Processing: https://khamsat.com/community/requests/788159-%D8%A8%D9%88%D8%AA-%D8%AA%D9%84%D9%8A%D8%AC%D8%B1%D8%A7%D9%85-%D8%A7%D8%AD%D8%AA%D8%B1%D8%A7%D9%81%D9%8A
2026-05-09 17:39:11,345 - INFO - Successfully parsed: بوت تليجرام احترافي | Comments: 41
2026-05-09 17:39:11,346 - INFO - Processing: https://khamsat.com/community/requests/787962-%D8%A3%D8%A8%D8%AD%D8%AB-%D8%B9%D9%86-%D9%85%D8%B5%D9%85%D9%85%D8%B1%D8%B3%D8%A7%D9%85-%D9%85%D8%AA%D8%AE%D8%B5%D8%B5-%D9%81%D9%8A-%D8%AA%D8%B5%D9%85%D9%8A%D9%85-%D9%83%D8%AA%D8%A8-%D9%86%D8%B4%D8%A7%D8%B7%D8%A7%D8%AA-%D9%88%D8%AA%D9%84%D9%88%D9%8A%D9%86
2026-05-09 17:39:12,982 - INFO - Successfully parsed: أبحث عن مصمم/رسام متخصص في تصميم كتب نشاطات وتلوين | Comments: 45
2026-05-09 17:39:12,982 - INFO - Processing: https://khamsat.com/community/requests/787038-%D9%85%D8%AD%D8%AA%D8%A7%D8%AC-%D8%AF%D8%A7%D8%AA%D8%A7-%D8%A7%D9%86%D8%AA%D8%B1%D9%8A-%D9%8A%D8%AF%D8%AE%D9%84-%D8%A7%D9%84%D8%A8%D9%8A%D8%A7%D9%86%D8%A7%D8%AA-%D8%B9%D9%84%D9%89-%D8%A7%D9%83%D8%B3%D9%84
2026-05-09 17:39:15,656 - INFO - Skipping old request: محتاج داتا انتري يدخل البيانات على اكسل (منذ 11 يوم)
2026-05-09 17:39:15,656 - INFO - Processing: https://khamsat.com/community/requests/788161-%D8%AE%D8%A8%D9%8A%D8%B1-%D9%81%D9%8A-system-analysis-design
2026-05-09 17:39:17,190 - INFO - Successfully parsed: خبير في System Analysis & Design | Comments: 25
2026-05-09 17:39:17,192 - INFO - Successfully saved 5 new requests to D:\Khamsat_Projict\data\requests.json.
2026-05-09 17:39:17,230 - INFO - Scraper finished.
2026-05-09 20:09:32,210 - INFO - Starting scraper for https://khamsat.com/community/requests
2026-05-09 20:09:32,560 - INFO - Navigating to https://khamsat.com/community/requests...
2026-05-09 20:09:42,554 - INFO - Found 25 request links to process.
2026-05-09 20:09:42,554 - INFO - Processing: https://khamsat.com/community/requests/787038-%D9%85%D8%AD%D8%AA%D8%A7%D8%AC-%D8%AF%D8%A7%D8%AA%D8%A7-%D8%A7%D9%86%D8%AA%D8%B1%D9%8A-%D9%8A%D8%AF%D8%AE%D9%84-%D8%A7%D9%84%D8%A8%D9%8A%D8%A7%D9%86%D8%A7%D8%AA-%D8%B9%D9%84%D9%89-%D8%A7%D9%83%D8%B3%D9%84
2026-05-09 20:09:43,974 - ERROR - Error parsing request page https://khamsat.com/community/requests/787038-%D9%85%D8%AD%D8%AA%D8%A7%D8%AC-%D8%AF%D8%A7%D8%AA%D8%A7-%D8%A7%D9%86%D8%AA%D8%B1%D9%8A-%D9%8A%D8%AF%D8%AE%D9%84-%D8%A7%D9%84%D8%A8%D9%8A%D8%A7%D9%86%D8%A7%D8%AA-%D8%B9%D9%84%D9%89-%D8%A7%D9%83%D8%B3%D9%84: Execution context was destroyed, most likely because of a navigation
2026-05-09 20:09:43,974 - INFO - Successfully parsed: Error | Comments: 0
2026-05-09 20:09:43,974 - INFO - Processing: https://khamsat.com/community/requests/788164-%D9%85%D8%B7%D9%84%D9%88%D8%A8-%D9%85%D8%B5%D9%85%D9%85%D8%A9-%D8%B4%D8%B9%D8%A7%D8%B1-logo-%D9%88-%D9%87%D9%88%D9%8A%D8%A9-%D8%A8%D8%B5%D8%B1%D9%8A%D8%A9-brand-ident
2026-05-09 20:09:45,903 - INFO - Successfully parsed: مطلوب مصمم/ة شعار (Logo) و هوية بصرية (Brand Ident | Comments: 55
2026-05-09 20:09:45,903 - INFO - Processing: https://khamsat.com/community/requests/788121-%D8%A7%D8%AD%D8%AA%D8%A7%D8%AC-%D9%85%D8%B5%D9%85%D9%85-%D8%AC%D8%B1%D8%A7%D9%81%D9%8A%D9%83-%D9%88%D8%B3%D8%B9%D8%B1%D9%87-%D9%85%D9%86%D8%A7%D8%B3%D8%A8
2026-05-09 20:09:48,793 - INFO - Successfully parsed: احتاج مصمم جرافيك وسعره مناسب | Comments: 207
2026-05-09 20:09:48,793 - INFO - Processing: https://khamsat.com/community/requests/788166-%D8%B9%D9%85%D9%84-%D8%B3%D9%8A%D8%B1%D9%87-%D8%B0%D8%A7%D8%AA%D9%8A%D9%87-%D9%85%D8%AA%D9%88%D8%A7%D9%81%D9%82%D8%A9-%D9%85%D8%B9-%D9%86%D8%B8%D8%A7%D9%85-ats
2026-05-09 20:09:50,990 - INFO - Successfully parsed: عمل سيره ذاتيه متوافقة مع نظام ATS | Comments: 131
2026-05-09 20:09:50,990 - INFO - Processing: https://khamsat.com/community/requests/788143-%D8%A3%D8%AD%D8%AA%D8%A7%D8%AC-%D8%A3%D8%B4%D8%AE%D8%A7%D8%B5-%D9%84%D9%86%D8%B4%D8%B1-%D9%88%D8%AA%D8%B1%D9%88%D9%8A%D8%AC-%D8%AA%D8%B7%D8%A8%D9%8A%D9%82-%D8%A5%D8%B3%D9%84%D8%A7%D9%85%D9%8A-%D8%AD%D8%B5%D9%86-%D8%A7%D9%84%D9%85%D8%B3%D9%84%D9%85
2026-05-09 20:09:52,750 - INFO - Successfully parsed: أحتاج أشخاص لنشر وترويج تطبيق إسلامي حصن المسلم | Comments: 25
2026-05-09 20:09:52,750 - INFO - Processing: https://khamsat.com/community/requests/788175-%D9%85%D8%AA%D8%AC%D8%B1-%D8%A7%D9%84%D8%A7%D9%83%D8%AA%D8%B1%D9%88%D9%86%D9%8A
2026-05-09 20:09:54,360 - INFO - Successfully parsed: متجر الاكتروني | Comments: 31
2026-05-09 20:09:54,360 - INFO - Processing: https://khamsat.com/community/requests/788161-%D8%AE%D8%A8%D9%8A%D8%B1-%D9%81%D9%8A-system-analysis-design
2026-05-09 20:09:55,928 - INFO - Successfully parsed: خبير في System Analysis & Design | Comments: 33
2026-05-09 20:09:55,928 - INFO - Processing: https://khamsat.com/community/requests/788160-%D8%AA%D9%86%D8%B8%D9%8A%D9%81-%D9%88%D8%AA%D8%AD%D9%84%D9%8A%D9%84-%D8%A8%D9%8A%D8%A7%D9%86%D8%A7%D8%AA-%D8%A7%D9%84%D9%85%D9%88%D8%B8%D9%81%D9%8A%D9%86-%D9%88%D8%A5%D9%86%D8%B4%D8%A7%D8%A1-dashboard
2026-05-09 20:09:58,468 - INFO - Successfully parsed: تنظيف وتحليل بيانات الموظفين وإنشاء Dashboard | Comments: 169
2026-05-09 20:09:58,468 - INFO - Processing: https://khamsat.com/community/requests/788181-%D9%85%D8%B9%D9%84%D9%85%D8%A9-%D8%B9%D8%B1%D8%A8%D9%8A-%D8%AC%D8%A7%D9%87%D8%B2%D8%A9
2026-05-09 20:10:00,055 - INFO - Successfully parsed: معلمة عربي جاهزة | Comments: 7
2026-05-09 20:10:00,055 - INFO - Processing: https://khamsat.com/community/requests/788171-%D9%85%D8%B9%D9%84%D9%82-%D8%B5%D9%88%D8%AA%D9%8A-%D8%A8%D8%A7%D9%84%D9%81%D8%B5%D8%AD%D9%89
2026-05-09 20:10:04,904 - INFO - Successfully parsed: معلق صوتي بالفصحى | Comments: 23
2026-05-09 20:10:04,905 - INFO - Processing: https://khamsat.com/community/requests/788144-%D8%AA%D8%B5%D9%85%D9%8A%D9%85-%D8%B5%D9%81%D8%AD%D8%A9-%D9%87%D8%A8%D9%88%D8%B7
2026-05-09 20:10:07,075 - INFO - Successfully parsed: تصميم صفحة هبوط | Comments: 117
2026-05-09 20:10:07,075 - INFO - Processing: https://khamsat.com/community/requests/787901-%D8%AA%D8%AD%D9%84%D9%8A%D9%84-%D8%A8%D9%8A%D8%A7%D9%86%D8%A7%D8%AA-%D9%85%D8%A8%D9%8A%D8%B9%D8%A7%D8%AA-%D8%B3%D9%88%D8%A8%D8%B1-%D9%85%D8%A7%D8%B1%D9%83%D8%AA
2026-05-09 20:10:11,567 - INFO - Successfully parsed: تحليل بيانات مبيعات سوبر ماركت | Comments: 361
2026-05-09 20:10:11,567 - INFO - Processing: https://khamsat.com/community/requests/788179-%D9%85%D8%B5%D9%85%D9%85-blender-vfx-%D8%A8%D8%B1%D8%A7%D8%AA%D8%A8
2026-05-09 20:10:13,063 - INFO - Successfully parsed: مصمم blender vfx براتب | Comments: 15
2026-05-09 20:10:13,063 - INFO - Processing: https://khamsat.com/community/requests/788177-%D8%A8%D8%B1%D9%85%D8%AC%D8%A9-%D9%84%D8%B9%D8%A8%D8%A9-%D8%AA%D8%B7%D8%A8%D9%8A%D9%82-%D8%AC%D9%88%D8%A7%D9%84
2026-05-09 20:10:14,654 - INFO - Successfully parsed: برمجة لعبة تطبيق جوال | Comments: 33
2026-05-09 20:10:14,654 - INFO - Processing: https://khamsat.com/community/requests/787828-%D9%85%D8%B7%D9%84%D9%88%D8%A8-%D9%85%D9%88%D8%B8%D9%81%D9%87-%D8%AE%D8%AF%D9%85%D8%A9-%D8%B9%D9%85%D9%84%D8%A7%D8%A1-%D9%84%D9%85%D8%AA%D8%AC%D8%B1-%D8%A7%D9%84%D9%83%D8%AA%D8%B1%D9%88%D9%86%D9%8A
2026-05-09 20:10:17,190 - INFO - Skipping old request: مطلوب موظف/ه خدمة عملاء لمتجر الكتروني (منذ 3 أيام)
2026-05-09 20:10:17,190 - INFO - Processing: https://khamsat.com/community/requests/788178-%D9%85%D8%B7%D9%84%D9%88%D8%A8-%D8%A3%D8%AE%D8%B5%D8%A7%D8%A6%D9%8A-%D9%85%D8%A8%D9%8A%D8%B9%D8%A7%D8%AA-%D8%B9%D8%A8%D8%B1-%D8%A7%D9%84%D8%B1%D8%B3%D8%A7%D8%A6%D9%84-%D8%B4%D9%81%D8%AA%D8%A7%D8%AA
2026-05-09 20:10:18,598 - INFO - Successfully parsed: مطلوب أخصائي مبيعات عبر الرسائل (شفتات) | Comments: 9
2026-05-09 20:10:18,598 - INFO - Processing: https://khamsat.com/community/requests/788141-%D8%A7%D9%84%D8%B3%D9%84%D8%A7%D9%85-%D8%B9%D9%84%D9%8A%D9%83%D9%85-%D9%83%D9%8A%D9%81-%D8%AD%D8%A7%D9%84
2026-05-09 20:10:21,243 - INFO - Successfully parsed: السلام عليكم كيف حال | Comments: 181
2026-05-09 20:10:21,243 - INFO - Processing: https://khamsat.com/community/requests/788168-%D9%85%D8%B7%D9%84%D9%88%D8%A8-%D8%AA%D8%AD%D9%88%D9%8A%D9%84-%D8%AA%D8%B5%D9%85%D9%8A%D9%85-%D9%81%D8%B1%D9%88%D9%86%D8%AA-%D8%A7%D9%8A%D9%86%D8%AF-%D8%A7%D9%84%D9%89-laravel
2026-05-09 20:10:22,837 - INFO - Successfully parsed: مطلوب تحويل تصميم فرونت ايند الى laravel | Comments: 47
2026-05-09 20:10:22,838 - INFO - Processing: https://khamsat.com/community/requests/788173-%D9%85%D8%B7%D9%84%D9%88%D8%A8-%D9%85%D8%B5%D9%85%D9%85-%D9%85%D9%88%D8%A7%D9%82%D8%B9-%D9%85%D8%AD%D8%AA%D8%B1%D9%81-%D9%84%D8%B9%D9%85%D9%84-%D9%85%D9%88%D9%82%D8%B9-%D9%84%D8%A8%D9%8A%D8%B9-%D8%A7%D9%84%D8%A3%D8%AB%D8%A7%D8%AB
2026-05-09 20:10:25,082 - INFO - Successfully parsed: مطلوب مصمم مواقع محترف لعمل موقع لبيع الأثاث | Comments: 141
2026-05-09 20:10:25,082 - INFO - Processing: https://khamsat.com/community/requests/787939-%D8%B5%D9%81%D8%AD%D8%AA%D9%8A%D9%86-%D9%87%D8%A8%D9%88%D8%B7
2026-05-09 20:10:28,565 - INFO - Successfully parsed: صفحتين هبوط | Comments: 275
2026-05-09 20:10:28,565 - INFO - Processing: https://khamsat.com/community/requests/788163-%D8%AE%D8%AF%D9%85%D8%A9-%D8%B9%D9%85%D9%84%D8%A7%D8%A1-%D9%84%D8%BA%D8%A7%D8%AA-%D8%B1%D9%88%D8%B3%D9%8A-%D8%A7%D8%B3%D8%A8%D8%A7%D9%86%D9%8A-%D8%A7%D9%84%D9%85%D8%A7%D9%86%D9%8A
2026-05-09 20:10:30,040 - INFO - Successfully parsed: خدمة عملاء لغات روسي اسباني الماني | Comments: 17
2026-05-09 20:10:30,040 - INFO - Processing: https://khamsat.com/community/requests/788169-%D9%85%D8%B7%D9%88%D8%B1-%D9%88%D9%85%D8%A8%D8%B1%D9%85%D8%AC-%D9%81%D9%84%D8%A7%D8%AA%D8%B1-%D9%85%D8%AD%D8%AA%D8%B1%D9%81
2026-05-09 20:10:31,584 - INFO - Successfully parsed: مطور ومبرمج فلاتر محترف | Comments: 33
2026-05-09 20:10:31,584 - INFO - Processing: https://khamsat.com/community/requests/788176-%D8%A7%D9%84%D8%A5%D8%B9%D9%84%D8%A7%D9%86-%D8%B9%D9%84%D9%89-%D8%AA%D9%84%D8%AC%D8%B1%D8%A7%D9%85
2026-05-09 20:10:33,043 - INFO - Successfully parsed: الإعلان على تلجرام | Comments: 11
2026-05-09 20:10:33,043 - INFO - Processing: https://khamsat.com/community/requests/787878-%D8%AA%D8%B9%D8%AF%D9%8A%D9%84-%D9%85%D9%84%D9%81-%D8%A3%D9%83%D8%B3%D9%8A%D9%84
2026-05-09 20:10:36,084 - INFO - Successfully parsed: تعديل ملف أكسيل | Comments: 244
2026-05-09 20:10:36,084 - INFO - Processing: https://khamsat.com/community/requests/788065-%D8%A7%D8%B1%D9%8A%D8%AF-%D9%85%D8%AE%D8%AA%D8%B5-%D8%A7%D9%83%D8%B3%D9%8A%D9%84-forcasting%D9%84%D9%84%D8%AA%D8%B9%D8%A7%D9%85%D9%84-%D9%85%D8%B9-data
2026-05-09 20:10:41,040 - INFO - Successfully parsed: اريد مختص اكسيل FORCASTINGللتعامل مع data | Comments: 101
2026-05-09 20:10:41,046 - INFO - Successfully saved 11 new requests to D:\Khamsat_Projict\data\requests.json.
2026-05-09 20:10:41,081 - INFO - Scraper finished.
2026-05-09 20:13:19,064 - INFO - Starting scraper for https://khamsat.com/community/requests
2026-05-09 20:13:19,399 - INFO - Navigating to https://khamsat.com/community/requests...
2026-05-09 20:13:47,718 - INFO - Found 25 request links to process.
2026-05-09 20:13:47,718 - INFO - Processing: https://khamsat.com/community/requests/788164-%D9%85%D8%B7%D9%84%D9%88%D8%A8-%D9%85%D8%B5%D9%85%D9%85%D8%A9-%D8%B4%D8%B9%D8%A7%D8%B1-logo-%D9%88-%D9%87%D9%88%D9%8A%D8%A9-%D8%A8%D8%B5%D8%B1%D9%8A%D8%A9-brand-ident
2026-05-09 20:13:49,762 - INFO - Successfully parsed: مطلوب مصمم/ة شعار (Logo) و هوية بصرية (Brand Ident | Comments: 55
2026-05-09 20:13:49,762 - INFO - Processing: https://khamsat.com/community/requests/788175-%D9%85%D8%AA%D8%AC%D8%B1-%D8%A7%D9%84%D8%A7%D9%83%D8%AA%D8%B1%D9%88%D9%86%D9%8A
2026-05-09 20:13:51,297 - INFO - Successfully parsed: متجر الاكتروني | Comments: 31
2026-05-09 20:13:51,297 - INFO - Processing: https://khamsat.com/community/requests/788142-%D8%A3%D8%AD%D8%AA%D8%A7%D8%AC-%D9%85%D8%AE%D8%AA%D8%B5-%D8%A8%D8%A7%D9%84%D8%A8%D8%AD%D8%AB-%D8%A7%D9%84%D8%A7%D8%AC%D8%B1%D8%A7%D8%A6%D9%8A
2026-05-09 20:13:52,880 - INFO - Skipping old request (older than 3 hours): أحتاج مختص بالبحث الاجرائي (منذ 7 ساعات)
2026-05-09 20:13:52,880 - INFO - Processing: https://khamsat.com/community/requests/787878-%D8%AA%D8%B9%D8%AF%D9%8A%D9%84-%D9%85%D9%84%D9%81-%D8%A3%D9%83%D8%B3%D9%8A%D9%84
2026-05-09 20:13:59,243 - INFO - Successfully parsed: تعديل ملف أكسيل | Comments: 244
2026-05-09 20:13:59,243 - INFO - Processing: https://khamsat.com/community/requests/788173-%D9%85%D8%B7%D9%84%D9%88%D8%A8-%D9%85%D8%B5%D9%85%D9%85-%D9%85%D9%88%D8%A7%D9%82%D8%B9-%D9%85%D8%AD%D8%AA%D8%B1%D9%81-%D9%84%D8%B9%D9%85%D9%84-%D9%85%D9%88%D9%82%D8%B9-%D9%84%D8%A8%D9%8A%D8%B9-%D8%A7%D9%84%D8%A3%D8%AB%D8%A7%D8%AB
2026-05-09 20:14:01,416 - INFO - Successfully parsed: مطلوب مصمم مواقع محترف لعمل موقع لبيع الأثاث | Comments: 141
2026-05-09 20:14:01,416 - INFO - Processing: https://khamsat.com/community/requests/788181-%D9%85%D8%B9%D9%84%D9%85%D8%A9-%D8%B9%D8%B1%D8%A8%D9%8A-%D8%AC%D8%A7%D9%87%D8%B2%D8%A9
2026-05-09 20:14:02,934 - INFO - Successfully parsed: معلمة عربي جاهزة | Comments: 9
2026-05-09 20:14:02,934 - INFO - Processing: https://khamsat.com/community/requests/788179-%D9%85%D8%B5%D9%85%D9%85-blender-vfx-%D8%A8%D8%B1%D8%A7%D8%AA%D8%A8
2026-05-09 20:14:04,395 - INFO - Successfully parsed: مصمم blender vfx براتب | Comments: 15
2026-05-09 20:14:04,395 - INFO - Processing: https://khamsat.com/community/requests/788141-%D8%A7%D9%84%D8%B3%D9%84%D8%A7%D9%85-%D8%B9%D9%84%D9%8A%D9%83%D9%85-%D9%83%D9%8A%D9%81-%D8%AD%D8%A7%D9%84
2026-05-09 20:14:06,986 - INFO - Skipping old request (older than 3 hours): السلام عليكم كيف حال (منذ 7 ساعات)
2026-05-09 20:14:06,986 - INFO - Processing: https://khamsat.com/community/requests/788177-%D8%A8%D8%B1%D9%85%D8%AC%D8%A9-%D9%84%D8%B9%D8%A8%D8%A9-%D8%AA%D8%B7%D8%A8%D9%8A%D9%82-%D8%AC%D9%88%D8%A7%D9%84
2026-05-09 20:14:08,595 - INFO - Successfully parsed: برمجة لعبة تطبيق جوال | Comments: 33
2026-05-09 20:14:08,595 - INFO - Processing: https://khamsat.com/community/requests/788160-%D8%AA%D9%86%D8%B8%D9%8A%D9%81-%D9%88%D8%AA%D8%AD%D9%84%D9%8A%D9%84-%D8%A8%D9%8A%D8%A7%D9%86%D8%A7%D8%AA-%D8%A7%D9%84%D9%85%D9%88%D8%B8%D9%81%D9%8A%D9%86-%D9%88%D8%A5%D9%86%D8%B4%D8%A7%D8%A1-dashboard
2026-05-09 20:14:11,014 - INFO - Successfully parsed: تنظيف وتحليل بيانات الموظفين وإنشاء Dashboard | Comments: 169
2026-05-09 20:14:11,014 - INFO - Processing: https://khamsat.com/community/requests/788163-%D8%AE%D8%AF%D9%85%D8%A9-%D8%B9%D9%85%D9%84%D8%A7%D8%A1-%D9%84%D8%BA%D8%A7%D8%AA-%D8%B1%D9%88%D8%B3%D9%8A-%D8%A7%D8%B3%D8%A8%D8%A7%D9%86%D9%8A-%D8%A7%D9%84%D9%85%D8%A7%D9%86%D9%8A
2026-05-09 20:14:12,516 - INFO - Successfully parsed: خدمة عملاء لغات روسي اسباني الماني | Comments: 17
2026-05-09 20:14:12,516 - INFO - Processing: https://khamsat.com/community/requests/788065-%D8%A7%D8%B1%D9%8A%D8%AF-%D9%85%D8%AE%D8%AA%D8%B5-%D8%A7%D9%83%D8%B3%D9%8A%D9%84-forcasting%D9%84%D9%84%D8%AA%D8%B9%D8%A7%D9%85%D9%84-%D9%85%D8%B9-data
2026-05-09 20:14:14,463 - INFO - Skipping old request (older than 3 hours): اريد مختص اكسيل FORCASTINGللتعامل مع data (منذ 20 ساعة)
2026-05-09 20:14:14,463 - INFO - Processing: https://khamsat.com/community/requests/788168-%D9%85%D8%B7%D9%84%D9%88%D8%A8-%D8%AA%D8%AD%D9%88%D9%8A%D9%84-%D8%AA%D8%B5%D9%85%D9%8A%D9%85-%D9%81%D8%B1%D9%88%D9%86%D8%AA-%D8%A7%D9%8A%D9%86%D8%AF-%D8%A7%D9%84%D9%89-laravel
2026-05-09 20:14:16,058 - INFO - Successfully parsed: مطلوب تحويل تصميم فرونت ايند الى laravel | Comments: 47
2026-05-09 20:14:16,058 - INFO - Processing: https://khamsat.com/community/requests/788166-%D8%B9%D9%85%D9%84-%D8%B3%D9%8A%D8%B1%D9%87-%D8%B0%D8%A7%D8%AA%D9%8A%D9%87-%D9%85%D8%AA%D9%88%D8%A7%D9%81%D9%82%D8%A9-%D9%85%D8%B9-%D9%86%D8%B8%D8%A7%D9%85-ats
2026-05-09 20:14:18,220 - INFO - Successfully parsed: عمل سيره ذاتيه متوافقة مع نظام ATS | Comments: 131
2026-05-09 20:14:18,220 - INFO - Processing: https://khamsat.com/community/requests/788176-%D8%A7%D9%84%D8%A5%D8%B9%D9%84%D8%A7%D9%86-%D8%B9%D9%84%D9%89-%D8%AA%D9%84%D8%AC%D8%B1%D8%A7%D9%85
2026-05-09 20:14:19,637 - INFO - Successfully parsed: الإعلان على تلجرام | Comments: 11
2026-05-09 20:14:19,637 - INFO - Processing: https://khamsat.com/community/requests/787828-%D9%85%D8%B7%D9%84%D9%88%D8%A8-%D9%85%D9%88%D8%B8%D9%81%D9%87-%D8%AE%D8%AF%D9%85%D8%A9-%D8%B9%D9%85%D9%84%D8%A7%D8%A1-%D9%84%D9%85%D8%AA%D8%AC%D8%B1-%D8%A7%D9%84%D9%83%D8%AA%D8%B1%D9%88%D9%86%D9%8A
2026-05-09 20:14:22,167 - INFO - Skipping old request (older than 3 hours): مطلوب موظف/ه خدمة عملاء لمتجر الكتروني (منذ 3 أيام)
2026-05-09 20:14:22,167 - INFO - Processing: https://khamsat.com/community/requests/787901-%D8%AA%D8%AD%D9%84%D9%8A%D9%84-%D8%A8%D9%8A%D8%A7%D9%86%D8%A7%D8%AA-%D9%85%D8%A8%D9%8A%D8%B9%D8%A7%D8%AA-%D8%B3%D9%88%D8%A8%D8%B1-%D9%85%D8%A7%D8%B1%D9%83%D8%AA
2026-05-09 20:14:26,655 - INFO - Skipping old request (older than 3 hours): تحليل بيانات مبيعات سوبر ماركت (منذ 23 ساعة)
2026-05-09 20:14:26,655 - INFO - Processing: https://khamsat.com/community/requests/787038-%D9%85%D8%AD%D8%AA%D8%A7%D8%AC-%D8%AF%D8%A7%D8%AA%D8%A7-%D8%A7%D9%86%D8%AA%D8%B1%D9%8A-%D9%8A%D8%AF%D8%AE%D9%84-%D8%A7%D9%84%D8%A8%D9%8A%D8%A7%D9%86%D8%A7%D8%AA-%D8%B9%D9%84%D9%89-%D8%A7%D9%83%D8%B3%D9%84
2026-05-09 20:14:34,478 - INFO - Skipping old request (older than 3 hours): محتاج داتا انتري يدخل البيانات على اكسل (منذ 11 يوم)
2026-05-09 20:14:34,479 - INFO - Processing: https://khamsat.com/community/requests/788171-%D9%85%D8%B9%D9%84%D9%82-%D8%B5%D9%88%D8%AA%D9%8A-%D8%A8%D8%A7%D9%84%D9%81%D8%B5%D8%AD%D9%89
2026-05-09 20:14:35,966 - INFO - Successfully parsed: معلق صوتي بالفصحى | Comments: 25
2026-05-09 20:14:35,966 - INFO - Processing: https://khamsat.com/community/requests/788121-%D8%A7%D8%AD%D8%AA%D8%A7%D8%AC-%D9%85%D8%B5%D9%85%D9%85-%D8%AC%D8%B1%D8%A7%D9%81%D9%8A%D9%83-%D9%88%D8%B3%D8%B9%D8%B1%D9%87-%D9%85%D9%86%D8%A7%D8%B3%D8%A8
2026-05-09 20:14:38,678 - INFO - Skipping old request (older than 3 hours): احتاج مصمم جرافيك وسعره مناسب (منذ 15 ساعة)
2026-05-09 20:14:38,678 - INFO - Processing: https://khamsat.com/community/requests/788169-%D9%85%D8%B7%D9%88%D8%B1-%D9%88%D9%85%D8%A8%D8%B1%D9%85%D8%AC-%D9%81%D9%84%D8%A7%D8%AA%D8%B1-%D9%85%D8%AD%D8%AA%D8%B1%D9%81
2026-05-09 20:14:40,203 - INFO - Successfully parsed: مطور ومبرمج فلاتر محترف | Comments: 33
2026-05-09 20:14:40,203 - INFO - Processing: https://khamsat.com/community/requests/787939-%D8%B5%D9%81%D8%AD%D8%AA%D9%8A%D9%86-%D9%87%D8%A8%D9%88%D8%B7
2026-05-09 20:14:43,777 - INFO - Skipping old request (older than 3 hours): صفحتين هبوط (منذ 23 ساعة)
2026-05-09 20:14:43,777 - INFO - Processing: https://khamsat.com/community/requests/788144-%D8%AA%D8%B5%D9%85%D9%8A%D9%85-%D8%B5%D9%81%D8%AD%D8%A9-%D9%87%D8%A8%D9%88%D8%B7
2026-05-09 20:14:45,891 - INFO - Skipping old request (older than 3 hours): تصميم صفحة هبوط (منذ 6 ساعات)
2026-05-09 20:14:45,891 - INFO - Processing: https://khamsat.com/community/requests/788178-%D9%85%D8%B7%D9%84%D9%88%D8%A8-%D8%A3%D8%AE%D8%B5%D8%A7%D8%A6%D9%8A-%D9%85%D8%A8%D9%8A%D8%B9%D8%A7%D8%AA-%D8%B9%D8%A8%D8%B1-%D8%A7%D9%84%D8%B1%D8%B3%D8%A7%D8%A6%D9%84-%D8%B4%D9%81%D8%AA%D8%A7%D8%AA
2026-05-09 20:14:47,325 - INFO - Successfully parsed: مطلوب أخصائي مبيعات عبر الرسائل (شفتات) | Comments: 9
2026-05-09 20:14:47,325 - INFO - Processing: https://khamsat.com/community/requests/788143-%D8%A3%D8%AD%D8%AA%D8%A7%D8%AC-%D8%A3%D8%B4%D8%AE%D8%A7%D8%B5-%D9%84%D9%86%D8%B4%D8%B1-%D9%88%D8%AA%D8%B1%D9%88%D9%8A%D8%AC-%D8%AA%D8%B7%D8%A8%D9%8A%D9%82-%D8%A5%D8%B3%D9%84%D8%A7%D9%85%D9%8A-%D8%AD%D8%B5%D9%86-%D8%A7%D9%84%D9%85%D8%B3%D9%84%D9%85
2026-05-09 20:14:48,993 - INFO - Skipping old request (older than 3 hours): أحتاج أشخاص لنشر وترويج تطبيق إسلامي حصن المسلم (منذ 7 ساعات)
2026-05-09 20:14:48,993 - INFO - No new requests to save. All scraped items are already in storage.
2026-05-09 20:14:49,030 - INFO - Scraper finished.
2026-05-09 20:17:36,204 - INFO - Starting scraper for https://khamsat.com/community/requests
2026-05-09 20:17:36,204 - INFO - Purged 4 old requests from storage (older than 4h).
2026-05-09 20:17:36,564 - INFO - Navigating to https://khamsat.com/community/requests...
2026-05-09 20:18:06,937 - INFO - Found 25 request links to process.
2026-05-09 20:18:06,937 - INFO - Processing: https://khamsat.com/community/requests/787878-%D8%AA%D8%B9%D8%AF%D9%8A%D9%84-%D9%85%D9%84%D9%81-%D8%A3%D9%83%D8%B3%D9%8A%D9%84
2026-05-09 20:18:10,139 - INFO - Successfully parsed: تعديل ملف أكسيل | Comments: 244
2026-05-09 20:18:10,139 - INFO - Processing: https://khamsat.com/community/requests/787828-%D9%85%D8%B7%D9%84%D9%88%D8%A8-%D9%85%D9%88%D8%B8%D9%81%D9%87-%D8%AE%D8%AF%D9%85%D8%A9-%D8%B9%D9%85%D9%84%D8%A7%D8%A1-%D9%84%D9%85%D8%AA%D8%AC%D8%B1-%D8%A7%D9%84%D9%83%D8%AA%D8%B1%D9%88%D9%86%D9%8A
2026-05-09 20:18:12,647 - INFO - Skipping old request (>4h): مطلوب موظف/ه خدمة عملاء لمتجر الكتروني (منذ 3 أيام)
2026-05-09 20:18:12,647 - INFO - Processing: https://khamsat.com/community/requests/788181-%D9%85%D8%B9%D9%84%D9%85%D8%A9-%D8%B9%D8%B1%D8%A8%D9%8A-%D8%AC%D8%A7%D9%87%D8%B2%D8%A9
2026-05-09 20:18:14,018 - INFO - Successfully parsed: معلمة عربي جاهزة | Comments: 11
2026-05-09 20:18:14,018 - INFO - Processing: https://khamsat.com/community/requests/788169-%D9%85%D8%B7%D9%88%D8%B1-%D9%88%D9%85%D8%A8%D8%B1%D9%85%D8%AC-%D9%81%D9%84%D8%A7%D8%AA%D8%B1-%D9%85%D8%AD%D8%AA%D8%B1%D9%81
2026-05-09 20:18:15,499 - INFO - Successfully parsed: مطور ومبرمج فلاتر محترف | Comments: 33
2026-05-09 20:18:15,499 - INFO - Processing: https://khamsat.com/community/requests/788166-%D8%B9%D9%85%D9%84-%D8%B3%D9%8A%D8%B1%D9%87-%D8%B0%D8%A7%D8%AA%D9%8A%D9%87-%D9%85%D8%AA%D9%88%D8%A7%D9%81%D9%82%D8%A9-%D9%85%D8%B9-%D9%86%D8%B8%D8%A7%D9%85-ats
2026-05-09 20:18:17,622 - INFO - Successfully parsed: عمل سيره ذاتيه متوافقة مع نظام ATS | Comments: 131
2026-05-09 20:18:17,623 - INFO - Processing: https://khamsat.com/community/requests/787901-%D8%AA%D8%AD%D9%84%D9%8A%D9%84-%D8%A8%D9%8A%D8%A7%D9%86%D8%A7%D8%AA-%D9%85%D8%A8%D9%8A%D8%B9%D8%A7%D8%AA-%D8%B3%D9%88%D8%A8%D8%B1-%D9%85%D8%A7%D8%B1%D9%83%D8%AA
2026-05-09 20:18:22,175 - INFO - Skipping old request (>4h): تحليل بيانات مبيعات سوبر ماركت (منذ 23 ساعة)
2026-05-09 20:18:22,176 - INFO - Processing: https://khamsat.com/community/requests/788177-%D8%A8%D8%B1%D9%85%D8%AC%D8%A9-%D9%84%D8%B9%D8%A8%D8%A9-%D8%AA%D8%B7%D8%A8%D9%8A%D9%82-%D8%AC%D9%88%D8%A7%D9%84
2026-05-09 20:18:23,633 - INFO - Successfully parsed: برمجة لعبة تطبيق جوال | Comments: 33
2026-05-09 20:18:23,633 - INFO - Processing: https://khamsat.com/community/requests/788173-%D9%85%D8%B7%D9%84%D9%88%D8%A8-%D9%85%D8%B5%D9%85%D9%85-%D9%85%D9%88%D8%A7%D9%82%D8%B9-%D9%85%D8%AD%D8%AA%D8%B1%D9%81-%D9%84%D8%B9%D9%85%D9%84-%D9%85%D9%88%D9%82%D8%B9-%D9%84%D8%A8%D9%8A%D8%B9-%D8%A7%D9%84%D8%A3%D8%AB%D8%A7%D8%AB
2026-05-09 20:18:25,738 - INFO - Successfully parsed: مطلوب مصمم مواقع محترف لعمل موقع لبيع الأثاث | Comments: 141
2026-05-09 20:18:25,738 - INFO - Processing: https://khamsat.com/community/requests/788142-%D8%A3%D8%AD%D8%AA%D8%A7%D8%AC-%D9%85%D8%AE%D8%AA%D8%B5-%D8%A8%D8%A7%D9%84%D8%A8%D8%AD%D8%AB-%D8%A7%D9%84%D8%A7%D8%AC%D8%B1%D8%A7%D8%A6%D9%8A
2026-05-09 20:18:27,249 - INFO - Skipping old request (>4h): أحتاج مختص بالبحث الاجرائي (منذ 7 ساعات)
2026-05-09 20:18:27,249 - INFO - Processing: https://khamsat.com/community/requests/788160-%D8%AA%D9%86%D8%B8%D9%8A%D9%81-%D9%88%D8%AA%D8%AD%D9%84%D9%8A%D9%84-%D8%A8%D9%8A%D8%A7%D9%86%D8%A7%D8%AA-%D8%A7%D9%84%D9%85%D9%88%D8%B8%D9%81%D9%8A%D9%86-%D9%88%D8%A5%D9%86%D8%B4%D8%A7%D8%A1-dashboard
2026-05-09 20:18:29,624 - INFO - Successfully parsed: تنظيف وتحليل بيانات الموظفين وإنشاء Dashboard | Comments: 169
2026-05-09 20:18:29,624 - INFO - Processing: https://khamsat.com/community/requests/788175-%D9%85%D8%AA%D8%AC%D8%B1-%D8%A7%D9%84%D8%A7%D9%83%D8%AA%D8%B1%D9%88%D9%86%D9%8A
2026-05-09 20:18:31,056 - INFO - Successfully parsed: متجر الاكتروني | Comments: 33
2026-05-09 20:18:31,057 - INFO - Processing: https://khamsat.com/community/requests/788065-%D8%A7%D8%B1%D9%8A%D8%AF-%D9%85%D8%AE%D8%AA%D8%B5-%D8%A7%D9%83%D8%B3%D9%8A%D9%84-forcasting%D9%84%D9%84%D8%AA%D8%B9%D8%A7%D9%85%D9%84-%D9%85%D8%B9-data
2026-05-09 20:18:33,045 - INFO - Skipping old request (>4h): اريد مختص اكسيل FORCASTINGللتعامل مع data (منذ 20 ساعة)
2026-05-09 20:18:33,045 - INFO - Processing: https://khamsat.com/community/requests/788143-%D8%A3%D8%AD%D8%AA%D8%A7%D8%AC-%D8%A3%D8%B4%D8%AE%D8%A7%D8%B5-%D9%84%D9%86%D8%B4%D8%B1-%D9%88%D8%AA%D8%B1%D9%88%D9%8A%D8%AC-%D8%AA%D8%B7%D8%A8%D9%8A%D9%82-%D8%A5%D8%B3%D9%84%D8%A7%D9%85%D9%8A-%D8%AD%D8%B5%D9%86-%D8%A7%D9%84%D9%85%D8%B3%D9%84%D9%85
2026-05-09 20:18:34,589 - INFO - Skipping old request (>4h): أحتاج أشخاص لنشر وترويج تطبيق إسلامي حصن المسلم (منذ 7 ساعات)
2026-05-09 20:18:34,589 - INFO - Processing: https://khamsat.com/community/requests/788176-%D8%A7%D9%84%D8%A5%D8%B9%D9%84%D8%A7%D9%86-%D8%B9%D9%84%D9%89-%D8%AA%D9%84%D8%AC%D8%B1%D8%A7%D9%85
2026-05-09 20:18:35,981 - INFO - Successfully parsed: الإعلان على تلجرام | Comments: 11
2026-05-09 20:18:35,981 - INFO - Processing: https://khamsat.com/community/requests/788144-%D8%AA%D8%B5%D9%85%D9%8A%D9%85-%D8%B5%D9%81%D8%AD%D8%A9-%D9%87%D8%A8%D9%88%D8%B7
2026-05-09 20:18:38,069 - INFO - Skipping old request (>4h): تصميم صفحة هبوط (منذ 6 ساعات)
2026-05-09 20:18:38,069 - INFO - Processing: https://khamsat.com/community/requests/788163-%D8%AE%D8%AF%D9%85%D8%A9-%D8%B9%D9%85%D9%84%D8%A7%D8%A1-%D9%84%D8%BA%D8%A7%D8%AA-%D8%B1%D9%88%D8%B3%D9%8A-%D8%A7%D8%B3%D8%A8%D8%A7%D9%86%D9%8A-%D8%A7%D9%84%D9%85%D8%A7%D9%86%D9%8A
2026-05-09 20:18:39,528 - INFO - Successfully parsed: خدمة عملاء لغات روسي اسباني الماني | Comments: 17
2026-05-09 20:18:39,528 - INFO - Processing: https://khamsat.com/community/requests/787038-%D9%85%D8%AD%D8%AA%D8%A7%D8%AC-%D8%AF%D8%A7%D8%AA%D8%A7-%D8%A7%D9%86%D8%AA%D8%B1%D9%8A-%D9%8A%D8%AF%D8%AE%D9%84-%D8%A7%D9%84%D8%A8%D9%8A%D8%A7%D9%86%D8%A7%D8%AA-%D8%B9%D9%84%D9%89-%D8%A7%D9%83%D8%B3%D9%84
2026-05-09 20:18:47,243 - INFO - Skipping old request (>4h): محتاج داتا انتري يدخل البيانات على اكسل (منذ 11 يوم)
2026-05-09 20:18:47,243 - INFO - Processing: https://khamsat.com/community/requests/788121-%D8%A7%D8%AD%D8%AA%D8%A7%D8%AC-%D9%85%D8%B5%D9%85%D9%85-%D8%AC%D8%B1%D8%A7%D9%81%D9%8A%D9%83-%D9%88%D8%B3%D8%B9%D8%B1%D9%87-%D9%85%D9%86%D8%A7%D8%B3%D8%A8
2026-05-09 20:18:50,210 - INFO - Skipping old request (>4h): احتاج مصمم جرافيك وسعره مناسب (منذ 15 ساعة)
2026-05-09 20:18:50,210 - INFO - Processing: https://khamsat.com/community/requests/788179-%D9%85%D8%B5%D9%85%D9%85-blender-vfx-%D8%A8%D8%B1%D8%A7%D8%AA%D8%A8
2026-05-09 20:18:51,603 - INFO - Successfully parsed: مصمم blender vfx براتب | Comments: 15
2026-05-09 20:18:51,603 - INFO - Processing: https://khamsat.com/community/requests/788171-%D9%85%D8%B9%D9%84%D9%82-%D8%B5%D9%88%D8%AA%D9%8A-%D8%A8%D8%A7%D9%84%D9%81%D8%B5%D8%AD%D9%89
2026-05-09 20:18:53,073 - INFO - Successfully parsed: معلق صوتي بالفصحى | Comments: 25
2026-05-09 20:18:53,074 - INFO - Processing: https://khamsat.com/community/requests/787939-%D8%B5%D9%81%D8%AD%D8%AA%D9%8A%D9%86-%D9%87%D8%A8%D9%88%D8%B7
2026-05-09 20:18:56,509 - INFO - Skipping old request (>4h): صفحتين هبوط (منذ 23 ساعة)
2026-05-09 20:18:56,509 - INFO - Processing: https://khamsat.com/community/requests/788164-%D9%85%D8%B7%D9%84%D9%88%D8%A8-%D9%85%D8%B5%D9%85%D9%85%D8%A9-%D8%B4%D8%B9%D8%A7%D8%B1-logo-%D9%88-%D9%87%D9%88%D9%8A%D8%A9-%D8%A8%D8%B5%D8%B1%D9%8A%D8%A9-brand-ident
2026-05-09 20:18:58,125 - INFO - Successfully parsed: مطلوب مصمم/ة شعار (Logo) و هوية بصرية (Brand Ident | Comments: 55
2026-05-09 20:18:58,125 - INFO - Processing: https://khamsat.com/community/requests/788168-%D9%85%D8%B7%D9%84%D9%88%D8%A8-%D8%AA%D8%AD%D9%88%D9%8A%D9%84-%D8%AA%D8%B5%D9%85%D9%8A%D9%85-%D9%81%D8%B1%D9%88%D9%86%D8%AA-%D8%A7%D9%8A%D9%86%D8%AF-%D8%A7%D9%84%D9%89-laravel
2026-05-09 20:18:59,725 - INFO - Successfully parsed: مطلوب تحويل تصميم فرونت ايند الى laravel | Comments: 47
2026-05-09 20:18:59,725 - INFO - Processing: https://khamsat.com/community/requests/788141-%D8%A7%D9%84%D8%B3%D9%84%D8%A7%D9%85-%D8%B9%D9%84%D9%8A%D9%83%D9%85-%D9%83%D9%8A%D9%81-%D8%AD%D8%A7%D9%84
2026-05-09 20:19:05,389 - INFO - Skipping old request (>4h): السلام عليكم كيف حال (منذ 7 ساعات)
2026-05-09 20:19:05,389 - INFO - Processing: https://khamsat.com/community/requests/788178-%D9%85%D8%B7%D9%84%D9%88%D8%A8-%D8%A3%D8%AE%D8%B5%D8%A7%D8%A6%D9%8A-%D9%85%D8%A8%D9%8A%D8%B9%D8%A7%D8%AA-%D8%B9%D8%A8%D8%B1-%D8%A7%D9%84%D8%B1%D8%B3%D8%A7%D8%A6%D9%84-%D8%B4%D9%81%D8%AA%D8%A7%D8%AA
2026-05-09 20:19:06,767 - INFO - Successfully parsed: مطلوب أخصائي مبيعات عبر الرسائل (شفتات) | Comments: 11
2026-05-09 20:19:06,767 - INFO - No new requests to save. All scraped items are already in storage.
2026-05-09 20:19:06,796 - INFO - Scraper finished.
2026-05-09 20:22:36,313 - INFO - Starting scraper for https://khamsat.com/community/requests
2026-05-09 20:22:36,313 - INFO - No old requests to purge.
2026-05-09 20:22:36,643 - INFO - Navigating to https://khamsat.com/community/requests...
2026-05-09 20:22:43,007 - INFO - Found 25 request links to process.
2026-05-09 20:22:43,007 - INFO - Processing: https://khamsat.com/community/requests/788163-%D8%AE%D8%AF%D9%85%D8%A9-%D8%B9%D9%85%D9%84%D8%A7%D8%A1-%D9%84%D8%BA%D8%A7%D8%AA-%D8%B1%D9%88%D8%B3%D9%8A-%D8%A7%D8%B3%D8%A8%D8%A7%D9%86%D9%8A-%D8%A7%D9%84%D9%85%D8%A7%D9%86%D9%8A
2026-05-09 20:22:44,947 - INFO - Successfully parsed: خدمة عملاء لغات روسي اسباني الماني | Comments: 17
2026-05-09 20:22:44,947 - INFO - Processing: https://khamsat.com/community/requests/788121-%D8%A7%D8%AD%D8%AA%D8%A7%D8%AC-%D9%85%D8%B5%D9%85%D9%85-%D8%AC%D8%B1%D8%A7%D9%81%D9%8A%D9%83-%D9%88%D8%B3%D8%B9%D8%B1%D9%87-%D9%85%D9%86%D8%A7%D8%B3%D8%A8
2026-05-09 20:22:47,669 - INFO - Skipping old request (>4h): احتاج مصمم جرافيك وسعره مناسب (منذ 15 ساعة)
2026-05-09 20:22:47,669 - INFO - Processing: https://khamsat.com/community/requests/788171-%D9%85%D8%B9%D9%84%D9%82-%D8%B5%D9%88%D8%AA%D9%8A-%D8%A8%D8%A7%D9%84%D9%81%D8%B5%D8%AD%D9%89
2026-05-09 20:22:49,134 - INFO - Successfully parsed: معلق صوتي بالفصحى | Comments: 27
2026-05-09 20:22:49,135 - INFO - Processing: https://khamsat.com/community/requests/788177-%D8%A8%D8%B1%D9%85%D8%AC%D8%A9-%D9%84%D8%B9%D8%A8%D8%A9-%D8%AA%D8%B7%D8%A8%D9%8A%D9%82-%D8%AC%D9%88%D8%A7%D9%84
2026-05-09 20:22:50,624 - INFO - Successfully parsed: برمجة لعبة تطبيق جوال | Comments: 33
2026-05-09 20:22:50,624 - INFO - Processing: https://khamsat.com/community/requests/788179-%D9%85%D8%B5%D9%85%D9%85-blender-vfx-%D8%A8%D8%B1%D8%A7%D8%AA%D8%A8
2026-05-09 20:22:52,022 - INFO - Successfully parsed: مصمم blender vfx براتب | Comments: 15
2026-05-09 20:22:52,022 - INFO - Processing: https://khamsat.com/community/requests/788168-%D9%85%D8%B7%D9%84%D9%88%D8%A8-%D8%AA%D8%AD%D9%88%D9%8A%D9%84-%D8%AA%D8%B5%D9%85%D9%8A%D9%85-%D9%81%D8%B1%D9%88%D9%86%D8%AA-%D8%A7%D9%8A%D9%86%D8%AF-%D8%A7%D9%84%D9%89-laravel
2026-05-09 20:22:53,589 - INFO - Successfully parsed: مطلوب تحويل تصميم فرونت ايند الى laravel | Comments: 49
2026-05-09 20:22:53,589 - INFO - Processing: https://khamsat.com/community/requests/788144-%D8%AA%D8%B5%D9%85%D9%8A%D9%85-%D8%B5%D9%81%D8%AD%D8%A9-%D9%87%D8%A8%D9%88%D8%B7
2026-05-09 20:22:55,606 - INFO - Skipping old request (>4h): تصميم صفحة هبوط (منذ 6 ساعات)
2026-05-09 20:22:55,606 - INFO - Processing: https://khamsat.com/community/requests/788166-%D8%B9%D9%85%D9%84-%D8%B3%D9%8A%D8%B1%D9%87-%D8%B0%D8%A7%D8%AA%D9%8A%D9%87-%D9%85%D8%AA%D9%88%D8%A7%D9%81%D9%82%D8%A9-%D9%85%D8%B9-%D9%86%D8%B8%D8%A7%D9%85-ats
2026-05-09 20:22:57,651 - INFO - Successfully parsed: عمل سيره ذاتيه متوافقة مع نظام ATS | Comments: 133
2026-05-09 20:22:57,651 - INFO - Processing: https://khamsat.com/community/requests/787901-%D8%AA%D8%AD%D9%84%D9%8A%D9%84-%D8%A8%D9%8A%D8%A7%D9%86%D8%A7%D8%AA-%D9%85%D8%A8%D9%8A%D8%B9%D8%A7%D8%AA-%D8%B3%D9%88%D8%A8%D8%B1-%D9%85%D8%A7%D8%B1%D9%83%D8%AA
2026-05-09 20:23:02,081 - INFO - Skipping old request (>4h): تحليل بيانات مبيعات سوبر ماركت (منذ 22 ساعة)
2026-05-09 20:23:02,081 - INFO - Processing: https://khamsat.com/community/requests/788142-%D8%A3%D8%AD%D8%AA%D8%A7%D8%AC-%D9%85%D8%AE%D8%AA%D8%B5-%D8%A8%D8%A7%D9%84%D8%A8%D8%AD%D8%AB-%D8%A7%D9%84%D8%A7%D8%AC%D8%B1%D8%A7%D8%A6%D9%8A
2026-05-09 20:23:04,763 - INFO - Skipping old request (>4h): أحتاج مختص بالبحث الاجرائي (منذ 7 ساعات)
2026-05-09 20:23:04,763 - INFO - Processing: https://khamsat.com/community/requests/788143-%D8%A3%D8%AD%D8%AA%D8%A7%D8%AC-%D8%A3%D8%B4%D8%AE%D8%A7%D8%B5-%D9%84%D9%86%D8%B4%D8%B1-%D9%88%D8%AA%D8%B1%D9%88%D9%8A%D8%AC-%D8%AA%D8%B7%D8%A8%D9%8A%D9%82-%D8%A5%D8%B3%D9%84%D8%A7%D9%85%D9%8A-%D8%AD%D8%B5%D9%86-%D8%A7%D9%84%D9%85%D8%B3%D9%84%D9%85
2026-05-09 20:23:06,481 - INFO - Skipping old request (>4h): أحتاج أشخاص لنشر وترويج تطبيق إسلامي حصن المسلم (منذ 7 ساعات)
2026-05-09 20:23:06,482 - INFO - Processing: https://khamsat.com/community/requests/788173-%D9%85%D8%B7%D9%84%D9%88%D8%A8-%D9%85%D8%B5%D9%85%D9%85-%D9%85%D9%88%D8%A7%D9%82%D8%B9-%D9%85%D8%AD%D8%AA%D8%B1%D9%81-%D9%84%D8%B9%D9%85%D9%84-%D9%85%D9%88%D9%82%D8%B9-%D9%84%D8%A8%D9%8A%D8%B9-%D8%A7%D9%84%D8%A3%D8%AB%D8%A7%D8%AB
2026-05-09 20:23:09,800 - INFO - Successfully parsed: مطلوب مصمم مواقع محترف لعمل موقع لبيع الأثاث | Comments: 141
2026-05-09 20:23:09,800 - INFO - Processing: https://khamsat.com/community/requests/788175-%D9%85%D8%AA%D8%AC%D8%B1-%D8%A7%D9%84%D8%A7%D9%83%D8%AA%D8%B1%D9%88%D9%86%D9%8A
2026-05-09 20:23:11,343 - INFO - Successfully parsed: متجر الاكتروني | Comments: 35
2026-05-09 20:23:11,343 - INFO - Processing: https://khamsat.com/community/requests/788178-%D9%85%D8%B7%D9%84%D9%88%D8%A8-%D8%A3%D8%AE%D8%B5%D8%A7%D8%A6%D9%8A-%D9%85%D8%A8%D9%8A%D8%B9%D8%A7%D8%AA-%D8%B9%D8%A8%D8%B1-%D8%A7%D9%84%D8%B1%D8%B3%D8%A7%D8%A6%D9%84-%D8%B4%D9%81%D8%AA%D8%A7%D8%AA
2026-05-09 20:23:12,684 - INFO - Successfully parsed: مطلوب أخصائي مبيعات عبر الرسائل (شفتات) | Comments: 11
2026-05-09 20:23:12,684 - INFO - Processing: https://khamsat.com/community/requests/788160-%D8%AA%D9%86%D8%B8%D9%8A%D9%81-%D9%88%D8%AA%D8%AD%D9%84%D9%8A%D9%84-%D8%A8%D9%8A%D8%A7%D9%86%D8%A7%D8%AA-%D8%A7%D9%84%D9%85%D9%88%D8%B8%D9%81%D9%8A%D9%86-%D9%88%D8%A5%D9%86%D8%B4%D8%A7%D8%A1-dashboard
2026-05-09 20:23:15,075 - INFO - Successfully parsed: تنظيف وتحليل بيانات الموظفين وإنشاء Dashboard | Comments: 171
2026-05-09 20:23:15,075 - INFO - Processing: https://khamsat.com/community/requests/788169-%D9%85%D8%B7%D9%88%D8%B1-%D9%88%D9%85%D8%A8%D8%B1%D9%85%D8%AC-%D9%81%D9%84%D8%A7%D8%AA%D8%B1-%D9%85%D8%AD%D8%AA%D8%B1%D9%81
2026-05-09 20:23:16,535 - INFO - Successfully parsed: مطور ومبرمج فلاتر محترف | Comments: 35
2026-05-09 20:23:16,537 - INFO - Processing: https://khamsat.com/community/requests/787828-%D9%85%D8%B7%D9%84%D9%88%D8%A8-%D9%85%D9%88%D8%B8%D9%81%D9%87-%D8%AE%D8%AF%D9%85%D8%A9-%D8%B9%D9%85%D9%84%D8%A7%D8%A1-%D9%84%D9%85%D8%AA%D8%AC%D8%B1-%D8%A7%D9%84%D9%83%D8%AA%D8%B1%D9%88%D9%86%D9%8A
2026-05-09 20:23:18,973 - INFO - Skipping old request (>4h): مطلوب موظف/ه خدمة عملاء لمتجر الكتروني (منذ 3 أيام)
2026-05-09 20:23:18,975 - INFO - Processing: https://khamsat.com/community/requests/787038-%D9%85%D8%AD%D8%AA%D8%A7%D8%AC-%D8%AF%D8%A7%D8%AA%D8%A7-%D8%A7%D9%86%D8%AA%D8%B1%D9%8A-%D9%8A%D8%AF%D8%AE%D9%84-%D8%A7%D9%84%D8%A8%D9%8A%D8%A7%D9%86%D8%A7%D8%AA-%D8%B9%D9%84%D9%89-%D8%A7%D9%83%D8%B3%D9%84
2026-05-09 20:23:26,585 - INFO - Skipping old request (>4h): محتاج داتا انتري يدخل البيانات على اكسل (منذ 11 يوم)
2026-05-09 20:23:26,585 - INFO - Processing: https://khamsat.com/community/requests/788181-%D9%85%D8%B9%D9%84%D9%85%D8%A9-%D8%B9%D8%B1%D8%A8%D9%8A-%D8%AC%D8%A7%D9%87%D8%B2%D8%A9
2026-05-09 20:23:27,986 - INFO - Successfully parsed: معلمة عربي جاهزة | Comments: 15
2026-05-09 20:23:27,986 - INFO - Processing: https://khamsat.com/community/requests/788164-%D9%85%D8%B7%D9%84%D9%88%D8%A8-%D9%85%D8%B5%D9%85%D9%85%D8%A9-%D8%B4%D8%B9%D8%A7%D8%B1-logo-%D9%88-%D9%87%D9%88%D9%8A%D8%A9-%D8%A8%D8%B5%D8%B1%D9%8A%D8%A9-brand-ident
2026-05-09 20:23:29,658 - INFO - Successfully parsed: مطلوب مصمم/ة شعار (Logo) و هوية بصرية (Brand Ident | Comments: 55
2026-05-09 20:23:29,658 - INFO - Processing: https://khamsat.com/community/requests/787878-%D8%AA%D8%B9%D8%AF%D9%8A%D9%84-%D9%85%D9%84%D9%81-%D8%A3%D9%83%D8%B3%D9%8A%D9%84
2026-05-09 20:23:32,525 - INFO - Successfully parsed: تعديل ملف أكسيل | Comments: 244
2026-05-09 20:23:32,525 - INFO - Processing: https://khamsat.com/community/requests/788065-%D8%A7%D8%B1%D9%8A%D8%AF-%D9%85%D8%AE%D8%AA%D8%B5-%D8%A7%D9%83%D8%B3%D9%8A%D9%84-forcasting%D9%84%D9%84%D8%AA%D8%B9%D8%A7%D9%85%D9%84-%D9%85%D8%B9-data
2026-05-09 20:23:34,449 - INFO - Skipping old request (>4h): اريد مختص اكسيل FORCASTINGللتعامل مع data (منذ 20 ساعة)
2026-05-09 20:23:34,449 - INFO - Processing: https://khamsat.com/community/requests/788141-%D8%A7%D9%84%D8%B3%D9%84%D8%A7%D9%85-%D8%B9%D9%84%D9%8A%D9%83%D9%85-%D9%83%D9%8A%D9%81-%D8%AD%D8%A7%D9%84
2026-05-09 20:23:41,440 - INFO - Skipping old request (>4h): السلام عليكم كيف حال (منذ 7 ساعات)
2026-05-09 20:23:41,440 - INFO - Processing: https://khamsat.com/community/requests/787939-%D8%B5%D9%81%D8%AD%D8%AA%D9%8A%D9%86-%D9%87%D8%A8%D9%88%D8%B7
2026-05-09 20:23:44,935 - INFO - Skipping old request (>4h): صفحتين هبوط (منذ 23 ساعة)
2026-05-09 20:23:44,935 - INFO - Processing: https://khamsat.com/community/requests/788176-%D8%A7%D9%84%D8%A5%D8%B9%D9%84%D8%A7%D9%86-%D8%B9%D9%84%D9%89-%D8%AA%D9%84%D8%AC%D8%B1%D8%A7%D9%85
2026-05-09 20:23:46,335 - INFO - Successfully parsed: الإعلان على تلجرام | Comments: 11
2026-05-09 20:23:46,341 - INFO - Successfully saved 15 new requests to D:\Khamsat_Projict\data\requests.json.
2026-05-09 20:23:46,369 - INFO - Scraper finished.
2026-05-09 20:35:43,388 - INFO - Starting scraper for https://khamsat.com/community/requests
2026-05-09 20:35:43,388 - INFO - No old requests to purge.
2026-05-09 20:35:43,749 - INFO - Navigating to listing page: https://khamsat.com/community/requests
2026-05-09 20:36:00,281 - INFO - Found 0 rows on listing page.
2026-05-09 20:36:00,283 - INFO - Found 0 total items on listing page.
2026-05-09 20:36:00,284 - INFO - 0 items passed the 4-hour filter.
2026-05-09 20:36:00,284 - INFO - No new requests to save. All scraped items are already in storage.
2026-05-09 20:36:00,312 - INFO - Scraper finished.
